# System Baseline 2025-05-18

## System Information
Linux phx-ai20 6.8.0-60-generic #63-Ubuntu SMP PREEMPT_DYNAMIC Tue Apr 15 19:04:15 UTC 2025 x86_64 x86_64 x86_64 GNU/Linux

## Disk Usage
Filesystem      Size  Used Avail Use% Mounted on
tmpfs           9.5G  2.2M  9.5G   1% /run
efivarfs        496K  260K  232K  53% /sys/firmware/efi/efivars
/dev/sdc2       915G   23G  846G   3% /
tmpfs            48G     0   48G   0% /dev/shm
tmpfs           5.0M     0  5.0M   0% /run/lock
/dev/sdc1       1.1G  8.4M  1.1G   1% /boot/efi
bulk            2.2T  208M  2.2T   1% /bulk
tmpfs           9.5G   20K  9.5G   1% /run/user/1000

## Memory Usage
               total        used        free      shared  buff/cache   available
Mem:            94Gi       2.2Gi        91Gi       5.2Mi       1.3Gi        91Gi
Swap:          8.0Gi          0B       8.0Gi

## Service Status
  UNIT LOAD ACTIVE SUB DESCRIPTION

0 loaded units listed.

## Prometheus Configuration Status
- Status: Not installed or not running

## Restic Backup Status
- Restore test: FAILED (could not access restic environment)
